// Jest Snapshot v1, https://goo.gl/fbAQLP

exports[`tests to <GifExpertApp /> should match with the snapshot 1`] = `
<Fragment>
  <h1>
    GifApp
  </h1>
  <CategoryAdd
    setCategories={[Function]}
  />
  <hr />
  <ol>
    <GifGrid
      category="One punch man"
      key="One punch man"
    />
    <GifGrid
      category="One piece"
      key="One piece"
    />
  </ol>
</Fragment>
`;
